[    0.000000] Linux version 4.15.0-91-generic (buildd@lgw01-amd64-013) (gcc version 7.4.0 (Ubuntu 7.4.0-1ubuntu1~18.04.1)) #92-Ubuntu SMP Fri Feb 28 11:09:48 UTC 2020 (Ubuntu 4.15.0-91.92-generic 4.15.18)
[    0.000000] Command line: BOOT_IMAGE=/boot/vmlinuz-4.15.0-91-generic root=UUID=3908abf1-f4fb-47fa-ac39-df5c026ef103 ro console=tty1 console=ttyS0
[    0.000000] KERNEL supported cpus:
[    0.000000]   Intel GenuineIntel
[    0.000000]   AMD AuthenticAMD
[    0.000000]   Centaur CentaurHauls
[    0.000000] x86/fpu: Supporting XSAVE feature 0x001: 'x87 floating point registers'
[    0.000000] x86/fpu: Supporting XSAVE feature 0x002: 'SSE registers'
[    0.000000] x86/fpu: Supporting XSAVE feature 0x004: 'AVX registers'
[    0.000000] x86/fpu: xstate_offset[2]:  576, xstate_sizes[2]:  256
[    0.000000] x86/fpu: Enabled xstate features 0x7, context size is 832 bytes, using 'standard' format.
[    0.000000] e820: BIOS-provided physical RAM map:
[    0.000000] BIOS-e820: [mem 0x0000000000000000-0x000000000009fbff] usable
[    0.000000] BIOS-e820: [mem 0x000000000009fc00-0x000000000009ffff] reserved
[    0.000000] BIOS-e820: [mem 0x00000000000f0000-0x00000000000fffff] reserved
[    0.000000] BIOS-e820: [mem 0x0000000000100000-0x000000003ffeffff] usable
[    0.000000] BIOS-e820: [mem 0x000000003fff0000-0x000000003fffffff] ACPI data
[    0.000000] BIOS-e820: [mem 0x00000000fec00000-0x00000000fec00fff] reserved
[    0.000000] BIOS-e820: [mem 0x00000000fee00000-0x00000000fee00fff] reserved
[    0.000000] BIOS-e820: [mem 0x00000000fffc0000-0x00000000ffffffff] reserved
[    0.000000] NX (Execute Disable) protection: active
[    0.000000] SMBIOS 2.5 present.
[    0.000000] DMI: innotek GmbH VirtualBox/VirtualBox, BIOS VirtualBox 12/01/2006
[    0.000000] Hypervisor detected: KVM
[    0.000000] e820: last_pfn = 0x3fff0 max_arch_pfn = 0x400000000
[    0.000000] MTRR: Disabled
[    0.000000] x86/PAT: MTRRs disabled, skipping PAT initialization too.
[    0.000000] CPU MTRRs all blank - virtualized system.
[    0.000000] x86/PAT: Configuration [0-7]: WB  WT  UC- UC  WB  WT  UC- UC  
[    0.000000] found SMP MP-table at [mem 0x0009fff0-0x0009ffff]
[    0.000000] Scanning 1 areas for low memory corruption
[    0.000000] RAMDISK: [mem 0x35967000-0x36caafff]
[    0.000000] ACPI: Early table checksum verification disabled
[    0.000000] ACPI: RSDP 0x00000000000E0000 000024 (v02 VBOX  )
[    0.000000] ACPI: XSDT 0x000000003FFF0030 00003C (v01 VBOX   VBOXXSDT 00000001 ASL  00000061)
[    0.000000] ACPI: FACP 0x000000003FFF00F0 0000F4 (v04 VBOX   VBOXFACP 00000001 ASL  00000061)
[    0.000000] ACPI: DSDT 0x000000003FFF0470 0022EA (v02 VBOX   VBOXBIOS 00000002 INTL 20100528)
[    0.000000] ACPI: FACS 0x000000003FFF0200 000040
[    0.000000] ACPI: FACS 0x000000003FFF0200 000040
[    0.000000] ACPI: APIC 0x000000003FFF0240 00005C (v02 VBOX   VBOXAPIC 00000001 ASL  00000061)
[    0.000000] ACPI: SSDT 0x000000003FFF02A0 0001CC (v01 VBOX   VBOXCPUT 00000002 INTL 20100528)
[    0.000000] No NUMA configuration found
[    0.000000] Faking a node at [mem 0x0000000000000000-0x000000003ffeffff]
[    0.000000] NODE_DATA(0) allocated [mem 0x3ffc5000-0x3ffeffff]
[    0.000000] kvm-clock: cpu 0, msr 0:3ff44001, primary cpu clock
[    0.000000] kvm-clock: Using msrs 4b564d01 and 4b564d00
[    0.000000] kvm-clock: using sched offset of 4160859590 cycles
[    0.000000] clocksource: kvm-clock: mask: 0xffffffffffffffff max_cycles: 0x1cd42e4dffb, max_idle_ns: 881590591483 ns
[    0.000000] Zone ranges:
[    0.000000]   DMA      [mem 0x0000000000001000-0x0000000000ffffff]
[    0.000000]   DMA32    [mem 0x0000000001000000-0x000000003ffeffff]
[    0.000000]   Normal   empty
[    0.000000]   Device   empty
[    0.000000] Movable zone start for each node
[    0.000000] Early memory node ranges
[    0.000000]   node   0: [mem 0x0000000000001000-0x000000000009efff]
[    0.000000]   node   0: [mem 0x0000000000100000-0x000000003ffeffff]
[    0.000000] Reserved but unavailable: 98 pages
[    0.000000] Initmem setup node 0 [mem 0x0000000000001000-0x000000003ffeffff]
[    0.000000] ACPI: PM-Timer IO Port: 0x4008
[    0.000000] IOAPIC[0]: apic_id 2, version 32, address 0xfec00000, GSI 0-23
[    0.000000] ACPI: INT_SRC_OVR (bus 0 bus_irq 0 global_irq 2 dfl dfl)
[    0.000000] ACPI: INT_SRC_OVR (bus 0 bus_irq 9 global_irq 9 low level)
[    0.000000] Using ACPI (MADT) for SMP configuration information
[    0.000000] smpboot: Allowing 2 CPUs, 0 hotplug CPUs
[    0.000000] PM: Registered nosave memory: [mem 0x00000000-0x00000fff]
[    0.000000] PM: Registered nosave memory: [mem 0x0009f000-0x0009ffff]
[    0.000000] PM: Registered nosave memory: [mem 0x000a0000-0x000effff]
[    0.000000] PM: Registered nosave memory: [mem 0x000f0000-0x000fffff]
[    0.000000] e820: [mem 0x40000000-0xfebfffff] available for PCI devices
[    0.000000] Booting paravirtualized kernel on KVM
[    0.000000] clocksource: refined-jiffies: mask: 0xffffffff max_cycles: 0xffffffff, max_idle_ns: 7645519600211568 ns
[    0.000000] random: get_random_bytes called from start_kernel+0x99/0x4fd with crng_init=0
[    0.000000] setup_percpu: NR_CPUS:8192 nr_cpumask_bits:2 nr_cpu_ids:2 nr_node_ids:1
[    0.000000] percpu: Embedded 45 pages/cpu s147456 r8192 d28672 u1048576
[    0.000000] PV qspinlock hash table entries: 256 (order: 0, 4096 bytes)
[    0.000000] Built 1 zonelists, mobility grouping on.  Total pages: 257913
[    0.000000] Policy zone: DMA32
[    0.000000] Kernel command line: BOOT_IMAGE=/boot/vmlinuz-4.15.0-91-generic root=UUID=3908abf1-f4fb-47fa-ac39-df5c026ef103 ro console=tty1 console=ttyS0
[    0.000000] Memory: 982540K/1048120K available (12300K kernel code, 2481K rwdata, 4264K rodata, 2432K init, 2712K bss, 65580K reserved, 0K cma-reserved)
[    0.000000] SLUB: HWalign=64, Order=0-3, MinObjects=0, CPUs=2, Nodes=1
[    0.000000] Kernel/User page tables isolation: enabled
[    0.000000] ftrace: allocating 39347 entries in 154 pages
[    0.004000] Hierarchical RCU implementation.
[    0.004000] 	RCU restricting CPUs from NR_CPUS=8192 to nr_cpu_ids=2.
[    0.004000] 	Tasks RCU enabled.
[    0.004000] RCU: Adjusting geometry for rcu_fanout_leaf=16, nr_cpu_ids=2
[    0.004000] NR_IRQS: 524544, nr_irqs: 440, preallocated irqs: 16
[    0.004000] Console: colour VGA+ 80x25
[    0.004000] console [tty1] enabled
[    0.004000] console [ttyS0] enabled
[    0.004000] ACPI: Core revision 20170831
[    0.004000] ACPI: 2 ACPI AML tables successfully acquired and loaded
[    0.004000] APIC: Switch to symmetric I/O mode setup
[    0.004000] x2apic enabled
[    0.004000] Switched APIC routing to physical x2apic.
[    0.004000] ..TIMER: vector=0x30 apic1=0 pin1=2 apic2=-1 pin2=-1
[    0.004004] tsc: Detected 1608.000 MHz processor
[    0.005052] Calibrating delay loop (skipped) preset value.. 3216.00 BogoMIPS (lpj=6432000)
[    0.008003] pid_max: default: 32768 minimum: 301
[    0.009069] Security Framework initialized
[    0.010002] Yama: becoming mindful.
[    0.010826] AppArmor: AppArmor initialized
[    0.013794] Dentry cache hash table entries: 131072 (order: 8, 1048576 bytes)
[    0.015441] Inode-cache hash table entries: 65536 (order: 7, 524288 bytes)
[    0.016018] Mount-cache hash table entries: 2048 (order: 2, 16384 bytes)
[    0.017474] Mountpoint-cache hash table entries: 2048 (order: 2, 16384 bytes)
[    0.020280] Last level iTLB entries: 4KB 64, 2MB 8, 4MB 8
[    0.021489] Last level dTLB entries: 4KB 64, 2MB 0, 4MB 0, 1GB 4
[    0.022800] Spectre V1 : Mitigation: usercopy/swapgs barriers and __user pointer sanitization
[    0.024003] Spectre V2 : Mitigation: Full generic retpoline
[    0.025247] Spectre V2 : Spectre v2 / SpectreRSB mitigation: Filling RSB on context switch
[    0.027108] Speculative Store Bypass: Vulnerable
[    0.028046] MDS: Mitigation: Clear CPU buffers
[    0.029228] Freeing SMP alternatives memory: 36K
[    0.141474] smpboot: CPU0: Intel(R) Core(TM) i5-8210Y CPU @ 1.60GHz (family: 0x6, model: 0x8e, stepping: 0x9)
[    0.144000] Performance Events: unsupported p6 CPU model 142 no PMU driver, software events only.
[    0.144035] Hierarchical SRCU implementation.
[    0.145645] NMI watchdog: Perf event create on CPU 0 failed with -2
[    0.148002] NMI watchdog: Perf NMI watchdog permanently disabled
[    0.149367] smp: Bringing up secondary CPUs ...
[    0.150464] x86: Booting SMP configuration:
[    0.151426] .... node  #0, CPUs:      #1
[    0.004000] kvm-clock: cpu 1, msr 0:3ff44041, secondary cpu clock
[    0.156019] smp: Brought up 1 node, 2 CPUs
[    0.157529] smpboot: Max logical packages: 1
[    0.158502] smpboot: Total of 2 processors activated (6432.00 BogoMIPS)
[    0.160064] devtmpfs: initialized
[    0.160842] x86/mm: Memory block size: 128MB
[    0.161942] evm: security.selinux
[    0.162715] evm: security.SMACK64
[    0.163486] evm: security.SMACK64EXEC
[    0.164003] evm: security.SMACK64TRANSMUTE
[    0.164927] evm: security.SMACK64MMAP
[    0.165770] evm: security.apparmor
[    0.166555] evm: security.ima
[    0.167260] evm: security.capability
[    0.168081] clocksource: jiffies: mask: 0xffffffff max_cycles: 0xffffffff, max_idle_ns: 7645041785100000 ns
[    0.170156] futex hash table entries: 512 (order: 3, 32768 bytes)
[    0.173750] pinctrl core: initialized pinctrl subsystem
[    0.175109] RTC time: 12:07:31, date: 04/09/20
[    0.176153] NET: Registered protocol family 16
[    0.177261] audit: initializing netlink subsys (disabled)
[    0.178498] audit: type=2000 audit(1586434056.813:1): state=initialized audit_enabled=0 res=1
[    0.180015] cpuidle: using governor ladder
[    0.180995] cpuidle: using governor menu
[    0.181980] ACPI: bus type PCI registered
[    0.184004] acpiphp: ACPI Hot Plug PCI Controller Driver version: 0.5
[    0.185587] PCI: Using configuration type 1 for base access
[    0.189037] HugeTLB registered 2.00 MiB page size, pre-allocated 0 pages
[    0.189652] ACPI: Added _OSI(Module Device)
[    0.192012] ACPI: Added _OSI(Processor Device)
[    0.193058] ACPI: Added _OSI(3.0 _SCP Extensions)
[    0.194128] ACPI: Added _OSI(Processor Aggregator Device)
[    0.196015] ACPI: Added _OSI(Linux-Dell-Video)
[    0.197458] ACPI: Added _OSI(Linux-Lenovo-NV-HDMI-Audio)
[    0.198706] ACPI: Added _OSI(Linux-HPI-Hybrid-Graphics)
[    0.200445] ACPI: Executed 1 blocks of module-level executable AML code
[    0.205255] ACPI: Interpreter enabled
[    0.206405] ACPI: (supports S0 S5)
[    0.208005] ACPI: Using IOAPIC for interrupt routing
[    0.209598] PCI: Using host bridge windows from ACPI; if necessary, use "pci=nocrs" and report a bug
[    0.212337] ACPI: Enabled 2 GPEs in block 00 to 07
[    0.229300] ACPI: PCI Root Bridge [PCI0] (domain 0000 [bus 00-ff])
[    0.231794] acpi PNP0A03:00: _OSC: OS supports [ASPM ClockPM Segments MSI]
[    0.232819] acpi PNP0A03:00: _OSC: not requesting OS control; OS requires [ExtendedConfig ASPM ClockPM MSI]
[    0.236016] acpi PNP0A03:00: fail to add MMCONFIG information, can't access extended PCI configuration space under this bridge.
[    0.241035] PCI host bridge to bus 0000:00
[    0.242955] pci_bus 0000:00: root bus resource [io  0x0000-0x0cf7 window]
[    0.244038] pci_bus 0000:00: root bus resource [io  0x0d00-0xffff window]
[    0.248006] pci_bus 0000:00: root bus resource [mem 0x000a0000-0x000bffff window]
[    0.252005] pci_bus 0000:00: root bus resource [mem 0x40000000-0xfdffffff window]
[    0.256006] pci_bus 0000:00: root bus resource [bus 00-ff]
[    0.265212] pci 0000:00:01.1: legacy IDE quirk: reg 0x10: [io  0x01f0-0x01f7]
[    0.268005] pci 0000:00:01.1: legacy IDE quirk: reg 0x14: [io  0x03f6]
[    0.270440] pci 0000:00:01.1: legacy IDE quirk: reg 0x18: [io  0x0170-0x0177]
[    0.272004] pci 0000:00:01.1: legacy IDE quirk: reg 0x1c: [io  0x0376]
[    0.297988] pci 0000:00:07.0: quirk: [io  0x4000-0x403f] claimed by PIIX4 ACPI
[    0.300031] pci 0000:00:07.0: quirk: [io  0x4100-0x410f] claimed by PIIX4 SMB
[    0.312685] ACPI: PCI Interrupt Link [LNKA] (IRQs 5 9 10 *11)
[    0.314732] ACPI: PCI Interrupt Link [LNKB] (IRQs 5 9 *10 11)
[    0.316091] ACPI: PCI Interrupt Link [LNKC] (IRQs 5 *9 10 11)
[    0.317494] ACPI: PCI Interrupt Link [LNKD] (IRQs 5 9 10 *11)
[    0.320069] SCSI subsystem initialized
[    0.320985] pci 0000:00:02.0: vgaarb: setting as boot VGA device
[    0.321801] pci 0000:00:02.0: vgaarb: VGA device added: decodes=io+mem,owns=io+mem,locks=none
[    0.324005] pci 0000:00:02.0: vgaarb: bridge control possible
[    0.325710] vgaarb: loaded
[    0.326468] ACPI: bus type USB registered
[    0.328022] usbcore: registered new interface driver usbfs
[    0.329250] usbcore: registered new interface driver hub
[    0.330447] usbcore: registered new device driver usb
[    0.332020] EDAC MC: Ver: 3.0.0
[    0.333094] PCI: Using ACPI for IRQ routing
[    0.333360] NetLabel: Initializing
[    0.334152] NetLabel:  domain hash size = 128
[    0.336002] NetLabel:  protocols = UNLABELED CIPSOv4 CALIPSO
[    0.337271] NetLabel:  unlabeled traffic allowed by default
[    0.340034] clocksource: Switched to clocksource kvm-clock
[    0.356198] VFS: Disk quotas dquot_6.6.0
[    0.357881] VFS: Dquot-cache hash table entries: 512 (order 0, 4096 bytes)
[    0.359472] AppArmor: AppArmor Filesystem Enabled
[    0.360592] pnp: PnP ACPI init
[    0.362817] pnp: PnP ACPI: found 3 devices
[    0.372766] clocksource: acpi_pm: mask: 0xffffff max_cycles: 0xffffff, max_idle_ns: 2085701024 ns
[    0.375863] NET: Registered protocol family 2
[    0.377072] TCP established hash table entries: 8192 (order: 4, 65536 bytes)
[    0.378627] TCP bind hash table entries: 8192 (order: 5, 131072 bytes)
[    0.380881] TCP: Hash tables configured (established 8192 bind 8192)
[    0.383197] UDP hash table entries: 512 (order: 2, 16384 bytes)
[    0.384531] UDP-Lite hash table entries: 512 (order: 2, 16384 bytes)
[    0.385973] NET: Registered protocol family 1
[    0.386984] pci 0000:00:00.0: Limiting direct PCI/PCI transfers
[    0.388344] pci 0000:00:01.0: Activating ISA DMA hang workarounds
[    0.389747] pci 0000:00:02.0: Video device with shadowed ROM at [mem 0x000c0000-0x000dffff]
[    0.391719] Unpacking initramfs...
[    0.672901] Freeing initrd memory: 19728K
[    0.674769] clocksource: tsc: mask: 0xffffffffffffffff max_cycles: 0x172daa3a18b, max_idle_ns: 440795212390 ns
[    0.677091] platform rtc_cmos: registered platform RTC device (no PNP device found)
[    0.678813] Scanning for low memory corruption every 60 seconds
[    0.680724] Initialise system trusted keyrings
[    0.681746] Key type blacklist registered
[    0.682731] workingset: timestamp_bits=36 max_order=18 bucket_order=0
[    0.685068] zbud: loaded
[    0.686433] squashfs: version 4.0 (2009/01/31) Phillip Lougher
[    0.687908] fuse init (API version 7.26)
[    0.695398] Key type asymmetric registered
[    0.696763] Asymmetric key parser 'x509' registered
[    0.697960] Block layer SCSI generic (bsg) driver version 0.4 loaded (major 246)
[    0.699787] io scheduler noop registered
[    0.701271] io scheduler deadline registered
[    0.702271] io scheduler cfq registered (default)
[    0.703868] ACPI: AC Adapter [AC] (on-line)
[    0.705368] input: Power Button as /devices/LNXSYSTM:00/LNXPWRBN:00/input/input0
[    0.707076] ACPI: Power Button [PWRF]
[    0.708002] input: Sleep Button as /devices/LNXSYSTM:00/LNXSLPBN:00/input/input1
[    0.709747] ACPI: Sleep Button [SLPF]
[    0.712651] ACPI: Battery Slot [BAT0] (battery present)
[    0.713862] Serial: 8250/16550 driver, 32 ports, IRQ sharing enabled
[    0.736715] 00:02: ttyS0 at I/O 0x3f8 (irq = 4, base_baud = 115200) is a 16550A
[    0.743340] Linux agpgart interface v0.103
[    0.747697] loop: module loaded
[    0.749160] scsi host0: ata_piix
[    0.750057] scsi host1: ata_piix
[    0.750838] ata1: PATA max UDMA/33 cmd 0x1f0 ctl 0x3f6 bmdma 0xd000 irq 14
[    0.752374] ata2: PATA max UDMA/33 cmd 0x170 ctl 0x376 bmdma 0xd008 irq 15
[    0.754343] libphy: Fixed MDIO Bus: probed
[    0.755540] tun: Universal TUN/TAP device driver, 1.6
[    0.756781] PPP generic driver version 2.4.2
[    0.757818] ehci_hcd: USB 2.0 'Enhanced' Host Controller (EHCI) Driver
[    0.759251] ehci-pci: EHCI PCI platform driver
[    0.760303] ehci-platform: EHCI generic platform driver
[    0.761486] ohci_hcd: USB 1.1 'Open' Host Controller (OHCI) Driver
[    0.762860] ohci-pci: OHCI PCI platform driver
[    0.763881] ohci-platform: OHCI generic platform driver
[    0.765123] uhci_hcd: USB Universal Host Controller Interface driver
[    0.766584] i8042: PNP: PS/2 Controller [PNP0303:PS2K,PNP0f03:PS2M] at 0x60,0x64 irq 1,12
[    0.768887] serio: i8042 KBD port at 0x60,0x64 irq 1
[    0.770030] serio: i8042 AUX port at 0x60,0x64 irq 12
[    0.771770] mousedev: PS/2 mouse device common for all mice
[    0.774167] input: AT Translated Set 2 keyboard as /devices/platform/i8042/serio0/input/input2
[    0.776400] rtc_cmos rtc_cmos: rtc core: registered rtc_cmos as rtc0
[    0.777860] rtc_cmos rtc_cmos: alarms up to one day, 114 bytes nvram
[    0.779252] i2c /dev entries driver
[    0.780109] device-mapper: uevent: version 1.0.3
[    0.781304] device-mapper: ioctl: 4.37.0-ioctl (2017-09-20) initialised: dm-devel@redhat.com
[    0.783216] ledtrig-cpu: registered to indicate activity on CPUs
[    0.784922] NET: Registered protocol family 10
[    0.790007] Segment Routing with IPv6
[    0.790900] NET: Registered protocol family 17
[    0.791974] Key type dns_resolver registered
[    0.793285] mce: Using 0 MCE banks
[    0.794736] RAS: Correctable Errors collector initialized.
[    0.795970] sched_clock: Marking stable (793243882, 0)->(988048556, -194804674)
[    0.798065] registered taskstats version 1
[    0.799001] Loading compiled-in X.509 certificates
[    0.802388] Loaded X.509 cert 'Build time autogenerated kernel key: d019e8c5f4cbc828f6af43369f65a014a3a68371'
[    0.805238] zswap: loaded using pool lzo/zbud
[    0.810478] Key type big_key registered
[    0.811493] Key type trusted registered
[    0.814234] Key type encrypted registered
[    0.815777] AppArmor: AppArmor sha1 policy hashing enabled
[    0.817091] ima: No TPM chip found, activating TPM-bypass! (rc=-19)
[    0.818483] ima: Allocated hash algorithm: sha1
[    0.819523] evm: HMAC attrs: 0x1
[    0.820705]   Magic number: 0:1:127
[    0.821554] acpi device:02: hash matches
[    0.822512] rtc_cmos rtc_cmos: setting system clock to 2020-04-09 12:07:32 UTC (1586434052)
[    0.824660] BIOS EDD facility v0.16 2004-Jun-25, 0 devices found
[    0.826006] EDD information not available.
[    0.916577] Freeing unused kernel image memory: 2432K
[    0.924800] Write protecting the kernel read-only data: 20480k
[    0.927271] Freeing unused kernel image memory: 2008K
[    0.928863] Freeing unused kernel image memory: 1880K
[    0.936164] x86/mm: Checked W+X mappings: passed, no W+X pages found.
[    0.938260] x86/mm: Checking user space page tables
[    0.945452] x86/mm: Checked W+X mappings: passed, no W+X pages found.
Loading, please wait...
starting version 237
[    1.008830] e1000: Intel(R) PRO/1000 Network Driver - version 7.3.21-k8-NAPI
[    1.010938] e1000: Copyright (c) 1999-2006 Intel Corporation.
[    1.014531] Fusion MPT base driver 3.04.20
[    1.016210] Copyright (c) 1999-2008 LSI Corporation
[    1.022257] Fusion MPT SPI Host driver 3.04.20
[    1.042728] AVX2 version of gcm_enc/dec engaged.
[    1.044424] AES CTR mode by8 optimization enabled
[    1.283358] input: ImExPS/2 Generic Explorer Mouse as /devices/platform/i8042/serio1/input/input4
[    1.652758] e1000 0000:00:03.0 eth0: (PCI:33MHz:32-bit) 02:57:a3:c3:eb:b7
[    1.654845] e1000 0000:00:03.0 eth0: Intel(R) PRO/1000 Network Connection
[    1.657554] mptbase: ioc0: Initiating bringup
[    1.752561] ioc0: LSI53C1030 A0: Capabilities={Initiator}
[    1.997066] scsi host2: ioc0: LSI53C1030 A0, FwRev=00000000h, Ports=1, MaxQ=256, IRQ=20
[    2.166516] scsi 2:0:0:0: Direct-Access     VBOX     HARDDISK         1.0  PQ: 0 ANSI: 5
[    2.607242] scsi target2:0:0: Beginning Domain Validation
[    2.665423] scsi target2:0:0: Domain Validation skipping write tests
[    2.667581] scsi target2:0:0: Ending Domain Validation
[    2.669001] scsi target2:0:0: asynchronous
[    2.676697] scsi 2:0:1:0: Direct-Access     VBOX     HARDDISK         1.0  PQ: 0 ANSI: 5
[    2.924625] scsi target2:0:1: Beginning Domain Validation
[    2.929494] random: fast init done
[    2.931069] scsi target2:0:1: Domain Validation skipping write tests
[    2.932491] scsi target2:0:1: Ending Domain Validation
[    2.933710] scsi target2:0:1: asynchronous
[    2.939001] random: systemd-udevd: uninitialized urandom read (16 bytes read)
[    2.939079] sd 2:0:0:0: Attached scsi generic sg0 type 0
[    2.941191] random: systemd-udevd: uninitialized urandom read (16 bytes read)
[    2.942555] sd 2:0:1:0: Attached scsi generic sg1 type 0
[    2.944538] random: systemd-udevd: uninitialized urandom read (16 bytes read)
[    2.948283] sd 2:0:0:0: [sda] 104857600 512-byte logical blocks: (53.7 GB/50.0 GiB)
[    2.950756] sd 2:0:1:0: [sdb] 20480 512-byte logical blocks: (10.5 MB/10.0 MiB)
[    2.952541] sd 2:0:1:0: [sdb] Write Protect is off
[    2.954253] sd 2:0:0:0: [sda] Write Protect is off
[    2.955507] sd 2:0:1:0: [sdb] Incomplete mode parameter data
[    2.957096] sd 2:0:1:0: [sdb] Assuming drive cache: write through
[    2.958690] sd 2:0:0:0: [sda] Incomplete mode parameter data
[    2.960196] sd 2:0:0:0: [sda] Assuming drive cache: write through
[    2.963808]  sda: sda1
[    2.970959] e1000 0000:00:08.0 eth1: (PCI:33MHz:32-bit) 08:00:27:c5:9b:32
[    2.971018] sd 2:0:1:0: [sdb] Attached SCSI disk
[    2.972528] e1000 0000:00:08.0 eth1: Intel(R) PRO/1000 Network Connection
[    2.974105] sd 2:0:0:0: [sda] Attached SCSI disk
[    2.978292] e1000 0000:00:03.0 enp0s3: renamed from eth0
[    3.000858] e1000 0000:00:08.0 enp0s8: renamed from eth1
Begin: Loading essential drivers ... [    4.396545] raid6: sse2x1   gen() 12245 MB/s
[    4.444346] raid6: sse2x1   xor()  8043 MB/s
[    4.495588] raid6: sse2x2   gen() 15734 MB/s
[    4.545549] raid6: sse2x2   xor() 10408 MB/s
[    4.594606] raid6: sse2x4   gen() 17945 MB/s
[    4.644698] raid6: sse2x4   xor() 10594 MB/s
[    4.692065] raid6: avx2x1   gen() 13030 MB/s
[    4.740517] raid6: avx2x1   xor()  9126 MB/s
[    4.788161] raid6: avx2x2   gen() 27500 MB/s
[    4.836745] raid6: avx2x2   xor() 18402 MB/s
[    4.884801] raid6: avx2x4   gen() 33098 MB/s
[    4.932466] raid6: avx2x4   xor() 20148 MB/s
[    4.933922] raid6: using algorithm avx2x4 gen() 33098 MB/s
[    4.935874] raid6: .... xor() 20148 MB/s, rmw enabled
[    4.937074] raid6: using avx2x2 recovery algorithm
[    4.939344] xor: automatically using best checksumming function   avx       
[    4.943091] async_tx: api initialized (async)
done.
Begin: Running /scripts/init-premount ... done.
Begin: Mounting root file system ... Begin: Running /scripts/local-top ... done.
Begin: Running /scripts/local-premount ... [    4.986798] Btrfs loaded, crc32c=crc32c-intel
Scanning for Btrfs filesystems
done.
Warning: fsck not present, so skipping root file system
[    5.024607] EXT4-fs (sda1): mounted filesystem with ordered data mode. Opts: (null)
done.
Begin: Running /scripts/local-bottom ... done.
Begin: Running /scripts/init-bottom ... done.
[    5.304535] ip_tables: (C) 2000-2006 Netfilter Core Team
[    5.322254] systemd[1]: systemd 237 running in system mode. (+PAM +AUDIT +SELINUX +IMA +APPARMOR +SMACK +SYSVINIT +UTMP +LIBCRYPTSETUP +GCRYPT +GNUTLS +ACL +XZ +LZ4 +SECCOMP +BLKID +ELFUTILS +KMOD -IDN2 +IDN -PCRE2 default-hierarchy=hybrid)
[    5.328017] systemd[1]: Detected virtualization oracle.
[    5.329227] systemd[1]: Detected architecture x86-64.

Welcome to [1mUbuntu 18.04.3 LTS[0m!

[    5.335603] systemd[1]: Set hostname to <ubuntu-bionic>.
[    5.709671] systemd[1]: Set up automount Arbitrary Executable File Formats File System Automount Point.
[[0;32m  OK  [0m] Set up automount Arbitrary Executabâ€¦rmats File System Automount Point.
[    5.715436] systemd[1]: Started Forward Password Requests to Wall Directory Watch.
[[0;32m  OK  [0m] Started Forward Password Requests to Wall Directory Watch.
[    5.721774] systemd[1]: Created slice System Slice.
[[0;32m  OK  [0m] Created slice System Slice.
[    5.726751] systemd[1]: Reached target Swap.
[[0;32m  OK  [0m] Reached target Swap.
[    5.729069] systemd[1]: Listening on Device-mapper event daemon FIFOs.
[[0;32m  OK  [0m] Listening on Device-mapper event daemon FIFOs.
[    5.732225] systemd[1]: Listening on Journal Socket.
[[0;32m  OK  [0m] Listening on Journal Socket.
         Mounting Kernel Debug File System...
         Starting Remount Root and Kernel File Systems...
         Starting Uncomplicated firewall...
[[0;32m  OK  [0m] Listening on LVM2 poll daemon socket.
[[0;32m  OK  [0m] Listening on Syslog Socket.
[[0;32m  OK  [0m] Listening on /dev/initctl Compatibility Named Pipe.
         Starting Load Kernel Modules...
[[0;32m  OK  [0m] Created slice system-serial\x2dgetty.slice.
         Starting Create list of required stâ€¦ce nodes for the current kernel...
[    5.765911] EXT4-fs (sda1): re-mounted. Opts: (null)
[[0;32m  OK  [0m] Listening on Journal Socket (/dev/log).
[[0;32m  OK  [0m] Listening on udev Kernel Socket.
         Starting Set the console keyboard layout...
[[0;32m  OK  [0m] Reached target User and Group Name Lookups.
[[0;32m  OK  [0m] Listening on LVM2 metadata daemon socket.
[    5.782928] Loading iSCSI transport class v2.0-870.
         Starting Monitoring of LVM2 mirrorsâ€¦ng dmeventd or progress polling...
         Mountin[    5.796747] iscsi: registered transport (tcp)
g POSIX Message Queue File System...
[[0;32m  OK  [0m] Listening on Network Service Netlink Socket.
[[0;32m  OK  [0m] Created slice User and Session Slice.
[[0;32m  OK  [0m] Reached target Slices.
[[0;32m  OK  [0m] Reached target System Time Synchronized.
         Mounting Huge Pages File System...
[[0;32m  OK  [0m] Listening on udev Control Socket.
         Starting udev Coldplug all Devices...
[[0;32m  OK  [0m] Listening on Journal Audit Socket.
         Starting Journal Service...
[[0;32m  OK  [0m] Mounted Kernel Debug File System.
[[0;32m  OK  [0m] Started Remount Root and Kernel File Systems.
[[0;32m  OK  [0m] Started Uncomplicated firewall.
[[0;32m  OK  [0m] Started Create list of required staâ€¦vice nodes for the current kernel.
[[0;32m  OK  [0m] Mounted POSIX Message Queue File System.
[[0;32m  OK  [0m] Mounted Huge Pages File System.
         Starting Create Static Device Nodes in /dev...
[    5.885386] iscsi: registered transport (iser)
         Starting Load/Save Random Seed...
[[0;32m  OK  [0m] Started Journal Service.
[[0;32m  OK  [0m] Started Load Kernel Modules.
[[0;32m  OK  [0m] Started Create Static Device Nodes in /dev.
[[0;32m  OK  [0m] Started Load/Save Random Seed.
[[0;32m  OK  [0m] Started LVM2 metadata daemon.
         Starting udev Kernel Device Manager...
         Mounting FUSE Control File System...
         Mounting Kernel Configuration File System...
         Starting Apply Kernel Variables...
         Starting Flush Journal to Persistent Storage...
[[0;32m  OK  [0m] Mounted FUSE Control File System.
[[0;32m  OK  [0m] Mounted Kernel Configuration File System.
[[0;32m  OK  [0m] Started Monitoring of LVM2 mirrors,â€¦sing dmeventd or progress polling.
[[0;32m  OK  [0m] Started udev Coldplug all Devices.
[[0;32m  OK  [0m] Started udev Kernel Device Manager.
[[0;32m  OK  [0m] Started Apply Kernel Variables.
[[0;32m  OK  [0m] Started Set the console keyboard layout.
[[0;32m  OK  [0m] Started Dispatch Password Requests to Console Directory Watch.
[[0;32m  OK  [0m] Reached target Local Encrypted Volumes.
[[0;32m  OK  [0m] Reached target Local File Systems (Pre).
[[0;32m  OK  [0m] Reached target Local File Systems.
         Starting Set console font and keymap...
         Starting Tell Plymouth To Write Out Runtime Data...
         Starting AppArmor initialization...
         Starting ebtables ruleset management...
[[0;32m  OK  [0m] Started Set console font and keymap.
[[0;32m  OK  [0m] Started Tell Plymouth To Write Out Runtime Data.
[[0;32m  OK  [0m] Started Flush Journal to Persistent Storage.
         Starting Create Volatile Files and Directories...
[[0;32m  OK  [0m] Started ebtables ruleset management.
[[0;32m  OK  [0m] Started Create Volatile Files and Directories.
         Starting Update UTMP about System Boot/Shutdown...
[[0;32m  OK  [0m] Started Update UTMP about System Boot/Shutdown.
[[0;32m  OK  [0m] Found device /dev/ttyS0.
[[0;32m  OK  [0m] Started AppArmor initialization.
         Starting Initial cloud-init job (pre-networking)...
[[0;32m  OK  [0m] Listening on Load/Save RF Kill Switch Status /dev/rfkill Watch.
[    8.464643] cloud-init[548]: Cloud-init v. 19.3-41-gc4735dd3-0ubuntu1~18.04.1 running 'init-local' at Thu, 09 Apr 2020 12:07:39 +0000. Up 8.21 seconds.
[[0;32m  OK  [0m] Started Initial cloud-init job (pre-networking).
[[0;32m  OK  [0m] Reached target Network (Pre).
         Starting Network Service...
[[0;32m  OK  [0m] Started Network Service.
         Starting Network Name Resolution...
         Starting Wait for Network to be Configured...
[[0;32m  OK  [0m] Started Network Name Resolution.
[[0;32m  OK  [0m] Reached target Network.
[[0;32m  OK  [0m] Reached target Host and Network Name Lookups.
[[0;32m  OK  [0m] Started Wait for Network to be Configured.
         Starting Initial cloud-init job (metadata service crawler)...
[   10.334537] cloud-init[726]: Cloud-init v. 19.3-41-gc4735dd3-0ubuntu1~18.04.1 running 'init' at Thu, 09 Apr 2020 12:07:41 +0000. Up 10.19 seconds.
[   10.340195] cloud-init[726]: ci-info: ++++++++++++++++++++++++++++++++++++++Net device info+++++++++++++++++++++++++++++++++++++++
[   10.344554] cloud-init[726]: ci-info: +--------+------+-----------------------------+---------------+--------+-------------------+
[   10.348747] cloud-init[726]: ci-info: | Device |  Up  |           Address           |      Mask     | Scope  |     Hw-Address    |
[   10.352620] cloud-init[726]: ci-info: +--------+------+-----------------------------+---------------+--------+-------------------+
[   10.368406] cloud-init[726]: ci-info: | enp0s3 | True |          10.0.2.15          | 255.255.255.0 | global | 02:57:a3:c3:eb:b7 |
[   10.380480] cloud-init[726]: ci-info: | enp0s3 | True |  fe80::57:a3ff:fec3:ebb7/64 |       .       |  link  | 02:57:a3:c3:eb:b7 |
[   10.383732] cloud-init[726]: ci-info: | enp0s8 | True |        192.168.33.10        | 255.255.255.0 | global | 08:00:27:c5:9b:32 |
[   10.387890] cloud-init[726]: ci-info: | enp0s8 | True | fe80::a00:27ff:fec5:9b32/64 |       .       |  link  | 08:00:27:c5:9b:32 |
[   10.391659] cloud-init[726]: ci-info: |   lo   | True |          127.0.0.1          |   255.0.0.0   |  host  |         .         |
[   10.395660] cloud-init[726]: ci-info: |   lo   | True |           ::1/128           |       .       |  host  |         .         |
[   10.398909] cloud-init[726]: ci-info: +--------+------+-----------------------------+---------------+--------+-------------------+
[   10.412770] cloud-init[726]: ci-info: +++++++++++++++++++++++++++++Route IPv4 info+++++++++++++++++++++++++++++
[   10.415498] cloud-init[726]: ci-info: +-------+--------------+----------+-----------------+-----------+-------+
[   10.417760] cloud-init[726]: ci-info: | Route | Destination  | Gateway  |     Genmask     | Interface | Flags |
[   10.419793] cloud-init[726]: ci-info: +-------+--------------+----------+-----------------+-----------+-------+
[   10.421900] cloud-init[726]: ci-info: |   0   |   0.0.0.0    | 10.0.2.2 |     0.0.0.0     |   enp0s3  |   UG  |
[   10.423973] cloud-init[726]: ci-info: |   1   |   10.0.2.0   | 0.0.0.0  |  255.255.255.0  |   enp0s3  |   U   |
[   10.436480] cloud-init[726]: ci-info: |   2   |   10.0.2.2   | 0.0.0.0  | 255.255.255.255 |   enp0s3  |   UH  |
[   10.438498] cloud-init[726]: ci-info: |   3   | 192.168.33.0 | 0.0.0.0  |  255.255.255.0  |   enp0s8  |   U   |
[   10.440378] cloud-init[726]: ci-info: +-------+--------------+----------+-----------------+-----------+-------+
[   10.443393] cloud-init[726]: ci-info: +++++++++++++++++++Route IPv6 info+++++++++++++++++++
[   10.444794] cloud-init[726]: ci-info: +-------+-------------+---------+-----------+-------+
[   10.446327] cloud-init[726]: ci-info: | Route | Destination | Gateway | Interface | Flags |
[   10.447810] cloud-init[726]: ci-info: +-------+-------------+---------+-----------+-------+
[   10.449358] cloud-init[726]: ci-info: |   1   |  fe80::/64  |    ::   |   enp0s8  |   U   |
[   10.451016] cloud-init[726]: ci-info: |   2   |  fe80::/64  |    ::   |   enp0s3  |   U   |
[   10.452659] cloud-init[726]: ci-info: |   4   |    local    |    ::   |   enp0s3  |   U   |
[   10.454098] cloud-init[726]: ci-info: |   5   |    local    |    ::   |   enp0s8  |   U   |
[   10.455568] cloud-init[726]: ci-info: |   6   |   ff00::/8  |    ::   |   enp0s8  |   U   |
[   10.457112] cloud-init[726]: ci-info: |   7   |   ff00::/8  |    ::   |   enp0s3  |   U   |
[   10.458581] cloud-init[726]: ci-info: +-------+-------------+---------+-----------+-------+
[[0;32m  OK  [0m] Started Initial cloud-init job (metadata service crawler).
[[0;32m  OK  [0m] Reached target Cloud-config availability.
[[0;32m  OK  [0m] Reached target System Initialization.
         Starting Socket activation for snappy daemon.
[[0;32m  OK  [0m] Started Message of the Day.
[[0;32m  OK  [0m] Listening on D-Bus System Message Bus Socket.
[[0;32m  OK  [0m] Listening on ACPID Listen Socket.
         Starting LXD - unix socket.
[[0;32m  OK  [0m] Started Discard unused blocks once a week.
[[0;32m  OK  [0m] Listening on UUID daemon activation socket.
[[0;32m  OK  [0m] Started Daily apt download activities.
[[0;32m  OK  [0m] Started Daily apt upgrade and clean activities.
[[0;32m  OK  [0m] Started Daily Cleanup of Temporary Directories.
[[0;32m  OK  [0m] Reached target Timers.
[[0;32m  OK  [0m] Listening on Open-iSCSI iscsid Socket.
[[0;32m  OK  [0m] Started ACPI Events Check.
[[0;32m  OK  [0m] Reached target Paths.
[[0;32m  OK  [0m] Reached target Network is Online.
[[0;32m  OK  [0m] Reached target Remote File Systems (Pre).
[[0;32m  OK  [0m] Reached target Remote File Systems.
         Starting Availability of block devices...
[[0;32m  OK  [0m] Listening on Socket activation for snappy daemon.
[[0;32m  OK  [0m] Listening on LXD - unix socket.
[[0;32m  OK  [0m] Started Availability of block devices.
[[0;32m  OK  [0m] Reached target Sockets.
[[0;32m  OK  [0m] Reached target Basic System.
[[0;32m  OK  [0m] Started irqbalance daemon.
         Starting Dispatcher daemon for systemd-networkd...
         Starting LSB: Record successful boot for GRUB...
         Starting Accounts Service...
         Starting vboxadd.service...
         Starting Login Service...
         Starting Permit User Sessions...
         Starting OpenBSD Secure Shell server...
         Starting System Logging Service...
         Starting Snappy daemon...
[[0;32m  OK  [0m] Started Deferred execution scheduler.
         Starting LXD - container startup/shutdown...
[[0;32m  OK  [0m] Started FUSE filesystem for LXC.
[[0;32m  OK  [0m] Started Regular background program processing daemon.
         Starting LSB: automatic crash report generation...
[[0;32m  OK  [0m] Started D-Bus System Message Bus.
[[0;32m  OK  [0m] Started System Logging Service.
[[0;32m  OK  [0m] Started Permit User Sessions.
[[0;32m  OK  [0m] Started Login Service.
[[0;32m  OK  [0m] Started Unattended Upgrades Shutdown.
         Starting Hold until boot process finishes up...
         Starting Terminate Plymouth Boot Screen...
[[0;32m  OK  [0m] Started Hold until boot process finishes up.
[[0;32m  OK  [0m] Started Serial Getty on ttyS0.
         Starting Set console scheme...
[[0;32m  OK  [0m] Started Terminate Plymouth Boot Screen.
[[0;32m  OK  [0m] Started OpenBSD Secure Shell server.
[[0;32m  OK  [0m] Started Set console scheme.
[[0;32m  OK  [0m] Created slice system-getty.slice.
[[0;32m  OK  [0m] Started Getty on tty1.
[[0;32m  OK  [0m] Reached target Login Prompts.
         Starting Authorization Manager...
[[0;32m  OK  [0m] Started LSB: Record successful boot for GRUB.
[[0;32m  OK  [0m] Started LSB: automatic crash report generation.
[[0;32m  OK  [0m] Started Authorization Manager.
[[0;32m  OK  [0m] Started Accounts Service.
[[0;32m  OK  [0m] Started Dispatcher daemon for systemd-networkd.
[[0;32m  OK  [0m] Created slice User Slice of vagrant.
[[0;32m  OK  [0m] Started LXD - container startup/shutdown.
[[0;32m  OK  [0m] Started Session 1 of user vagrant.
         Starting User Manager for UID 1000...
[[0;32m  OK  [0m] Started Snappy daemon.
         Starting Wait until snapd is fully seeded...
[[0;32m  OK  [0m] Started Wait until snapd is fully seeded.
         Starting Apply the settings specified in cloud-config...
[[0;32m  OK  [0m] Started User Manager for UID 1000.
[   13.332958] cloud-init[1144]: Cloud-init v. 19.3-41-gc4735dd3-0ubuntu1~18.04.1 running 'modules:config' at Thu, 09 Apr 2020 12:07:44 +0000. Up 13.17 seconds.
[[0;32m  OK  [0m] Started Apply the settings specified in cloud-config.
[[0;32m  OK  [0m] Started vboxadd.service.
         Starting vboxadd-service.service...
[[0;32m  OK  [0m] Started vboxadd-service.service.
[[0;32m  OK  [0m] Reached target Multi-User System.
[[0;32m  OK  [0m] Reached target Graphical Interface.
         Starting Execute cloud user/final scripts...
         Starting Update UTMP about System Runlevel Changes...
[[0;32m  OK  [0m] Started Update UTMP about System Runlevel Changes.
[   14.466156] cloud-init[1295]: Cloud-init v. 19.3-41-gc4735dd3-0ubuntu1~18.04.1 running 'modules:final' at Thu, 09 Apr 2020 12:07:45 +0000. Up 14.27 seconds.
[   14.470587] cloud-init[1295]: Cloud-init v. 19.3-41-gc4735dd3-0ubuntu1~18.04.1 finished at Thu, 09 Apr 2020 12:07:46 +0000. Datasource DataSourceNoCloud [seed=/dev/sdb][dsmode=net].  Up 14.45 seconds
[[0;32m  OK  [0m] Started Execute cloud user/final scripts.
[[0;32m  OK  [0m] Reached target Cloud-init target.

Ubuntu 18.04.3 LTS ubuntu-bionic ttyS0

ubuntu-bionic login: [13684.427863] Out of memory: Kill process 8504 (mysqld) score 404 or sacrifice child
[13684.430698] Killed process 8504 (mysqld) total-vm:1847964kB, anon-rss:407152kB, file-rss:0kB, shmem-rss:0kB
[[0;32m  OK  [0m] Stopped target Graphical Interface.
         Stopping Accounts Service...
         Stopping Session 3 of user vagrant.
[[0;32m  OK  [0m] Stopped target Cloud-init target.
         Stopping Session 11 of user vagrant.
[[0;32m  OK  [0m] Stopped target Host and Network Name Lookups.
         Stopping User Manager for UID 1000...
         Stopping Availability of block devices...
[[0;32m  OK  [0m] Stopped target Timers.
[[0;32m  OK  [0m] Stopped Message of the Day.
[[0;32m  OK  [0m] Stopped Discard unused blocks once a week.
[[0;32m  OK  [0m] Stopped Daily apt upgrade and clean activities.
[[0;32m  OK  [0m] Stopped Daily apt download activities.
[[0;32m  OK  [0m] Stopped target System Time Synchronized.
[[0;32m  OK  [0m] Stopped Daily Cleanup of Temporary Directories.
[[0;32m  OK  [0m] Stopped Execute cloud user/final scripts.
[[0;32m  OK  [0m] Stopped target Multi-User System.
         Stopping Regular background program processing daemon...
         Stopping LSB: Record successful boot for GRUB...
         Stopping FUSE filesystem for LXC...
         Stopping D-Bus System Message Bus...
         Stopping irqbalance daemon...
         Stopping Dispatcher daemon for systemd-networkd...
         Stopping Unattended Upgrades Shutdown...
         Stopping System Logging Service...
         Stopping OpenBSD Secure Shell server...
         Stopping vboxadd-service.service...
         Stopping Deferred execution scheduler...
[[0;32m  OK  [0m] Stopped target Login Prompts.
         Stopping Getty on tty1...
         Stoppin         Stopping LXD - container startup/shutdown...
         Stopping Authorization Manager...
[[0;32m  OK  [0m] Stopped Dispatcher daemon for systemd-networkd.
[[0;32m  OK  [0m] Stopped Accounts Service.
[[0;32m  OK  [0m] Stopped Deferred execution scheduler.
[[0;32m  OK  [0m] Stopped Regular background program processing daemon.
[[0;32m  OK  [0m] Stopped OpenBSD Secure Shell server.
[[0;32m  OK  [0m] Stopped Serial Getty on ttyS0.
[[0;32m  OK  [0m] Unmounted /var/lib/lxcfs.
[[0;32m  OK  [0m] Stopped Getty on tty1.
[[0;32m  OK  [0m] Stopped Authorization Manager.
[[0;32m  OK  [0m] Stopped Session 11 of user vagrant.
[[0;32m  OK  [0m] Stopped irqbalance daemon.
[[0;32m  OK  [0m] Removed slice system-getty.slice.
[[0;32m  OK  [0m] Removed slice system-serial\x2dgetty.slice.
[[0;32m  OK  [0m] Stopped D-Bus System Message Bus.
[[0;32m  OK  [0m] Stopped LXD - container startup/shutdown.
[[0;32m  OK  [0m] Stopped User Manager for UID 1000.
[[0;32m  OK  [0m] Stopped FUSE filesystem for LXC.
[[0;32m  OK  [0m] Stopped Unattended Upgrades Shutdown.
[[0;32m  OK  [0m] Stopped System Logging Service.
[[0;32m  OK  [0m] Stopped Availability of block devices.
[[0;32m  OK  [0m] Stopped LSB: Record successful boot for GRUB.
[[0;32m  OK  [0m] Stopped LSB: automatic crash report generation.
[[0;32m  OK  [0m] Stopped vboxadd-service.service.
         Stopping vboxadd.service...
[[0;32m  OK  [0m] Unmounted /vagrant.
[[0;32m  OK  [0m] Stopped vboxadd.service.
[[0;32m  OK  [0m] Stopped Session 3 of user vagrant.
[[0;32m  OK  [0m] Removed slice User Slice of vagrant.
         Stopping Permit User Sessions...
         Stopping Login Service...
[[0;32m  OK  [0m] Stopped Permit User Sessions.
[[0;32m  OK  [0m] Stopped target Remote File Systems.
[[0;32m  OK  [0m] Stopped target Remote File Systems (Pre).
[[0;32m  OK  [0m] Stopped target Network.
         Stopping Network Name Resolution...
[[0;32m  OK  [0m] Stopped Network Name Resolution.
         Stopping Network Service...
[[0;32m  OK  [0m] Stopped Login Service.
[[0;32m  OK  [0m] Stopped Network Service.
[[0;32m  OK  [0m] Stopped target Network (Pre).
[[0;32m  OK  [0m] Stopped target User and Group Name Lookups.
[[0;32m  OK  [0m] Stopped target Basic System.
[[0;32m  OK  [0m] Stopped target Sockets.
[[0;32m  OK  [0m] Closed Socket activation for snappy daemon.
[[0;32m  OK  [0m] Closed UUID daemon activation socket.
[[0;32m  OK  [0m] Closed ACPID Listen Socket.
[[0;32m  OK  [0m] Closed Open-iSCSI iscsid Socket.
[[0;32m  OK  [0m] Closed D-Bus System Message Bus Socket.
[[0;32m  OK  [0m] Closed Syslog Socket.
[[0;32m  OK  [0m] Closed LXD - unix socket.
[[0;32m  OK  [0m] Stopped target Slices.
[[0;32m  OK  [0m] Removed slice User and Session Slice.
[[0;32m  OK  [0m] Stopped target Paths.
[[0;32m  OK  [0m] Stopped ACPI Events Check.
[[0;32m  OK  [0m] Stopped target System Initialization.
         Stopping Load/Save Random Seed...
[[0;32m  OK  [0m] Stopped Apply Kernel Variables.
[[0;32m  OK  [0m] Stopped Initial cloud-init job (metadata service crawler).
[[0;32m  OK  [0m] Stopped Initial cloud-init job (pre-networking).
[[0;32m  OK  [0m] Stopped Load Kernel Modules.
         Stopping Update UTMP about System Boot/Shutdown...
[[0;32m  OK  [0m] Stopped target Local Encrypted Volumes.
[[0;32m  OK  [0m] Stopped Dispatch Password Requests to Console Directory Watch.
[[0;32m  OK  [0m] Stopped Forward Password Requests to Wall Directory Watch.
[[0;32m  OK  [0m] Stopped Load/Save Random Seed.
[[0;32m  OK  [0m] Stopped Update UTMP about System Boot/Shutdown.
[[0;32m  OK  [0m] Stopped Create Volatile Files and Directories.
[[0;32m  OK  [0m] Stopped target Local File Systems.
         Unmounting /run/user/1000...
[[0;32m  OK  [0m] Unmounted /run/user/1000.
[[0;32m  OK  [0m] Reached target Unmount All Filesystems.
[[0;32m  OK  [0m] Stopped target Swap.
[[0;32m  OK  [0m] Stopped target Local File Systems (Pre).
[[0;32m  OK  [0m] Stopped Remount Root and Kernel File Systems.
         Stopping Monitoring of LVM2 mirrorsâ€¦ng dmeventd or progress polling...
[[0;32m  OK  [0m] Stopped Create Static Device Nodes in /dev.
[[0;32m  OK  [0m] Reached target Shutdown.
[[0;32m  OK  [0m] Reached target Final Step.
         Starting Power-Off...
[19914.810782] reboot: Power down
